................................................................ss.....s [ 74%]
pytest : INFO:tests.conftest:============================================================
At line:1 char:69
+ ...  tests..." -ForegroundColor Yellow; pytest -q --tb=short 2>&1 | Tee-O ...
+                                         ~~~~~~~~~~~~~~~~~~~~~~~~~
    + CategoryInfo          : NotSpecified: (INFO:tests.conf...===============:String) [], RemoteException
    + FullyQualifiedErrorId : NativeCommandError
 
INFO:tests.conftest:Ô£à ALL TESTS PASSED SUCCESSFULLY
INFO:tests.conftest:============================================================
....s....................                                                [100%]
============================== warnings summary ===============================
tests/test_evaluation.py::TestModelEvaluation::test_binary_classification_assumptions
tests/test_evaluation.py::TestModelEvaluation::test_binary_classification_assumptions
tests/test_evaluation.py::TestModelEvaluation::test_empty_data_handling
  C:\Users\dneth\anaconda3\Lib\site-packages\sklearn\utils\validation.py:2739: UserWarning: X does not have valid feature names, but GradientBoostingClassifier was fitted with feature names
    warnings.warn(

tests/test_evaluation.py::TestModelEvaluation::test_calculate_classification_metrics_edge_cases
  C:\Users\dneth\anaconda3\Lib\site-packages\sklearn\metrics\_classification.py:407: UserWarning: A single label was found in 'y_true' and 'y_pred'. For the confusion matrix to have the correct shape, use the 'labels' parameter to pass all known labels.
    warnings.warn(

tests/test_evaluation.py::TestModelEvaluation::test_calculate_classification_metrics_edge_cases
  C:\Users\dneth\anaconda3\Lib\site-packages\sklearn\metrics\_ranking.py:379: UndefinedMetricWarning: Only one class is present in y_true. ROC AUC score is not defined in that case.
    warnings.warn(

tests/test_evaluation.py::TestModelEvaluation::test_calculate_classification_metrics_edge_cases
  C:\Users\dneth\anaconda3\Lib\site-packages\sklearn\metrics\_ranking.py:1033: UserWarning: No positive class found in y_true, recall is set to one for all thresholds.
    warnings.warn(

tests/test_inference.py::TestInference::test_input_data_type_coercion
tests/test_inference.py::TestInference::test_input_data_type_coercion
  C:\Users\dneth\anaconda3\Lib\site-packages\sklearn\preprocessing\_encoders.py:246: UserWarning: Found unknown categories in columns [0, 1, 2] during transform. These unknown categories will be encoded as all zeros
    warnings.warn(

tests/test_inference.py::TestInference::test_input_sanitization
tests/test_inference.py::TestInference::test_input_sanitization
  C:\Users\dneth\anaconda3\Lib\site-packages\sklearn\preprocessing\_encoders.py:246: UserWarning: Found unknown categories in columns [0, 1, 2, 3, 4, 5, 6, 7, 8, 9, 10, 11, 12, 13, 14] during transform. These unknown categories will be encoded as all zeros
    warnings.warn(

tests/test_integration.py::TestEndToEndIntegration::test_mlflow_integration
  <frozen importlib._bootstrap>:488: DeprecationWarning: Type google._upb._message.MessageMapContainer uses PyType_Spec with a metaclass that has custom tp_new. This is deprecated and will no longer be allowed in Python 3.14.

tests/test_integration.py::TestEndToEndIntegration::test_mlflow_integration
  <frozen importlib._bootstrap>:488: DeprecationWarning: Type google._upb._message.ScalarMapContainer uses PyType_Spec with a metaclass that has custom tp_new. This is deprecated and will no longer be allowed in Python 3.14.

-- Docs: https://docs.pytest.org/en/stable/how-to/capture-warnings.html
93 passed, 4 skipped, 12 warnings in 7.90s
